1>------ Clean started: Project: conductor (edmtest\conductor\conductor), Configuration: Debug x64 ------
2>------ Clean started: Project: guruserver, Configuration: Debug x64 ------
3>------ Clean started: Project: gurumulti, Configuration: Debug x64 ------
4>------ Clean started: Project: guru_client, Configuration: Debug x64 ------
5>------ Clean started: Project: guru (edmtest\guru\guru), Configuration: Debug x64 ------
6>------ Clean started: Project: cpp10_edmi, Configuration: Debug x64 ------
7>------ Clean started: Project: EDMS_client, Configuration: Debug x64 ------
8>------ Clean started: Project: EDMwebServer, Configuration: Debug x64 ------
9>------ Clean started: Project: edmappserver, Configuration: Debug x64 ------
10>------ Clean started: Project: edmserver, Configuration: Debug x64 ------
11>------ Clean started: Project: Edms_single, Configuration: Debug x64 ------
12>------ Clean started: Project: edmidll_client, Configuration: Debug x64 ------
13>------ Clean started: Project: edmi_server, Configuration: Debug x64 ------
14>------ Clean started: Project: appserver_dll, Configuration: Debug x64 ------
15>------ Clean started: Project: gui, Configuration: Debug x64 ------
16>------ Clean started: Project: edmidll_single, Configuration: Debug x64 ------
17>------ Clean started: Project: gebi_single, Configuration: Debug x64 ------
18>------ Clean started: Project: edmidll_multi, Configuration: Debug x64 ------
19>------ Clean started: Project: edmicpp_oli_2013, Configuration: Debug x64 ------
20>------ Clean started: Project: edmcpputils, Configuration: Debug x64 ------
21>------ Clean started: Project: e5_shared, Configuration: Debug x64 ------
22>------ Clean started: Project: edmi_client, Configuration: Debug x64 ------
23>------ Clean started: Project: guisys, Configuration: Debug x64 ------
24>------ Clean started: Project: edmutil, Configuration: Debug x64 ------
25>------ Clean started: Project: VErc, Configuration: Debug x64 ------
26>------ Clean started: Project: edmi_single, Configuration: Debug x64 ------
27>------ Clean started: Project: edmi_multi, Configuration: Debug x64 ------
28>------ Clean started: Project: cpp10, Configuration: Debug x64 ------
29>------ Clean started: Project: cryptopp561, Configuration: Debug x64 ------
30>------ Clean started: Project: e5_compiler, Configuration: Debug x64 ------
========== Clean: 30 succeeded, 0 failed, 0 skipped ==========
1>------ Build started: Project: e5_compiler, Configuration: Debug x64 ------
2>------ Build started: Project: cryptopp561, Configuration: Debug x64 ------
3>------ Build started: Project: cpp10, Configuration: Debug x64 ------
4>------ Build started: Project: edmi_multi, Configuration: Debug x64 ------
5>------ Build started: Project: edmi_single, Configuration: Debug x64 ------
6>------ Build started: Project: VErc, Configuration: Debug x64 ------
7>------ Build started: Project: edmutil, Configuration: Debug x64 ------
8>------ Build started: Project: guisys, Configuration: Debug x64 ------
8>resource.rc(10): fatal error RC1015: cannot open include file 'afxres.h'.
9>------ Build started: Project: edmi_client, Configuration: Debug x64 ------
10>------ Build started: Project: e5_shared, Configuration: Debug x64 ------
11>------ Build started: Project: edmcpputils, Configuration: Debug x64 ------
12>------ Build started: Project: edmicpp_oli_2013, Configuration: Debug x64 ------
13>------ Build started: Project: gui, Configuration: Debug x64 ------
14>------ Build started: Project: edmi_server, Configuration: Debug x64 ------
15>------ Build started: Project: cpp10_edmi, Configuration: Debug x64 ------
16>------ Build started: Project: gebi_single, Configuration: Debug x64 ------
17>------ Build started: Project: appserver_dll, Configuration: Debug x64 ------
18>------ Build started: Project: edmidll_client, Configuration: Debug x64 ------
13>rc\vib.rc(10): fatal error RC1015: cannot open include file 'afxres.h'.
19>------ Build started: Project: edmserver, Configuration: Debug x64 ------
20>------ Build started: Project: edmappserver, Configuration: Debug x64 ------
21>------ Build started: Project: guru_client, Configuration: Debug x64 ------
22>------ Build started: Project: guruserver, Configuration: Debug x64 ------
23>------ Build started: Project: edmidll_single, Configuration: Debug x64 ------
24>------ Build started: Project: EDMwebServer, Configuration: Debug x64 ------
25>------ Build started: Project: guru (edmtest\guru\guru), Configuration: Debug x64 ------
26>------ Build started: Project: conductor (edmtest\conductor\conductor), Configuration: Debug x64 ------
27>------ Build started: Project: edmidll_multi, Configuration: Debug x64 ------
28>------ Build started: Project: Edms_single, Configuration: Debug x64 ------
29>------ Build started: Project: EDMS_client, Configuration: Debug x64 ------
30>------ Build started: Project: gurumulti, Configuration: Debug x64 ------
28>LINK : fatal error LNK1104: cannot open file 'C:\Users\ast\work\edm1\output\x64\Debug\guisys.lib'
29>LINK : fatal error LNK1104: cannot open file 'C:\Users\ast\work\edm1\output\x64\Debug\guisys.lib'
========== Build: 26 succeeded, 4 failed, 0 up-to-date, 0 skipped ==========
1>------ Clean started: Project: conductor (edmtest\conductor\conductor), Configuration: Release x64 ------
2>------ Clean started: Project: guruserver, Configuration: Release x64 ------
3>------ Clean started: Project: gurumulti, Configuration: Release x64 ------
4>------ Clean started: Project: guru_client, Configuration: Release x64 ------
5>------ Clean started: Project: guru (edmtest\guru\guru), Configuration: Release x64 ------
6>------ Clean started: Project: cpp10_edmi, Configuration: Release x64 ------
7>------ Clean started: Project: EDMS_client, Configuration: Release x64 ------
8>------ Clean started: Project: EDMwebServer, Configuration: Release x64 ------
9>------ Clean started: Project: edmappserver, Configuration: Release x64 ------
10>------ Clean started: Project: edmserver, Configuration: Release x64 ------
11>------ Clean started: Project: Edms_single, Configuration: Release x64 ------
12>------ Clean started: Project: edmidll_client, Configuration: Release x64 ------
13>------ Clean started: Project: edmi_server, Configuration: Release x64 ------
14>------ Clean started: Project: appserver_dll, Configuration: Release x64 ------
15>------ Clean started: Project: gui, Configuration: Release x64 ------
16>------ Clean started: Project: edmidll_single, Configuration: Release x64 ------
17>------ Clean started: Project: gebi_single, Configuration: Release x64 ------
18>------ Clean started: Project: edmidll_multi, Configuration: Release x64 ------
19>------ Clean started: Project: edmicpp_oli_2013, Configuration: Release x64 ------
20>------ Clean started: Project: edmcpputils, Configuration: Release x64 ------
21>------ Clean started: Project: e5_shared, Configuration: Release x64 ------
22>------ Clean started: Project: edmi_client, Configuration: Release x64 ------
23>------ Clean started: Project: guisys, Configuration: Release x64 ------
24>------ Clean started: Project: edmutil, Configuration: Release x64 ------
25>------ Clean started: Project: VErc, Configuration: Release x64 ------
26>------ Clean started: Project: edmi_single, Configuration: Release x64 ------
27>------ Clean started: Project: edmi_multi, Configuration: Release x64 ------
28>------ Clean started: Project: cpp10, Configuration: Release x64 ------
29>------ Clean started: Project: cryptopp561, Configuration: Release x64 ------
30>------ Clean started: Project: e5_compiler, Configuration: Release x64 ------
========== Clean: 30 succeeded, 0 failed, 0 skipped ==========
1>------ Build started: Project: e5_compiler, Configuration: Release x64 ------
2>------ Build started: Project: cryptopp561, Configuration: Release x64 ------
3>------ Build started: Project: cpp10, Configuration: Release x64 ------
4>------ Build started: Project: edmi_multi, Configuration: Release x64 ------
5>------ Build started: Project: edmi_single, Configuration: Release x64 ------
6>------ Build started: Project: VErc, Configuration: Release x64 ------
7>------ Build started: Project: edmutil, Configuration: Release x64 ------
8>------ Build started: Project: guisys, Configuration: Release x64 ------
8>resource.rc(10): fatal error RC1015: cannot open include file 'afxres.h'.
9>------ Build started: Project: edmi_client, Configuration: Release x64 ------
10>------ Build started: Project: e5_shared, Configuration: Release x64 ------
11>------ Build started: Project: edmcpputils, Configuration: Release x64 ------
12>------ Build started: Project: edmicpp_oli_2013, Configuration: Release x64 ------
13>------ Build started: Project: gui, Configuration: Release x64 ------
14>------ Build started: Project: edmi_server, Configuration: Release x64 ------
15>------ Build started: Project: cpp10_edmi, Configuration: Release x64 ------
13>rc\vib.rc(10): fatal error RC1015: cannot open include file 'afxres.h'.
16>------ Build started: Project: edmidll_multi, Configuration: Release x64 ------
17>------ Build started: Project: gebi_single, Configuration: Release x64 ------
18>------ Build started: Project: appserver_dll, Configuration: Release x64 ------
19>------ Build started: Project: edmidll_client, Configuration: Release x64 ------
20>------ Build started: Project: guru_client, Configuration: Release x64 ------
21>------ Build started: Project: guruserver, Configuration: Release x64 ------
22>------ Build started: Project: gurumulti, Configuration: Release x64 ------
23>------ Build started: Project: edmappserver, Configuration: Release x64 ------
24>------ Build started: Project: edmidll_single, Configuration: Release x64 ------
25>------ Build started: Project: EDMwebServer, Configuration: Release x64 ------
26>------ Build started: Project: edmserver, Configuration: Release x64 ------
27>------ Build started: Project: guru (edmtest\guru\guru), Configuration: Release x64 ------
28>------ Build started: Project: conductor (edmtest\conductor\conductor), Configuration: Release x64 ------
29>------ Build started: Project: Edms_single, Configuration: Release x64 ------
30>------ Build started: Project: EDMS_client, Configuration: Release x64 ------
29>LINK : fatal error LNK1104: cannot open file 'C:\Users\ast\work\edm1\output\x64\Release\guisys.lib'
30>LINK : fatal error LNK1104: cannot open file 'C:\Users\ast\work\edm1\output\x64\Release\guisys.lib'
========== Build: 26 succeeded, 4 failed, 0 up-to-date, 0 skipped ==========
